// Jest Snapshot v1, https://goo.gl/fbAQLP

exports[`DataList Component matches snapshot 1`] = `
<div
  className="p-6"
>
  <div
    className="flex items-center mb-6"
  >
    <a
      className="mr-4 text-indigo-600 transition-colors duration-200 hover:text-indigo-800"
      href="/dashboard"
      onClick={[Function]}
    >
      <svg
        className="w-8 h-8"
        fill="currentColor"
        height="1em"
        stroke="currentColor"
        strokeWidth="0"
        style={
          {
            "color": undefined,
          }
        }
        viewBox="0 0 512 512"
        width="1em"
        xmlns="http://www.w3.org/2000/svg"
      >
        <path
          d="M244 400 100 256l144-144M120 256h292"
          fill="none"
          strokeLinecap="round"
          strokeLinejoin="round"
          strokeWidth="48"
        />
      </svg>
    </a>
    <h1
      className="text-3xl font-bold "
    >
      Data for the 
      test_endpoint
       endpoint
    </h1>
  </div>
  <a
    className="px-4 py-2 mb-4 font-bold text-white bg-blue-500 rounded-md hover:bg-blue-600"
    href="/api/test_endpoint/add"
    onClick={[Function]}
  >
    Add Data
  </a>
  <table
    className="w-full mt-10 text-left border border-collapse border-gray-300 table-auto"
  >
    <thead>
      <tr
        className="bg-gray-200"
      >
        <th
          className="px-4 py-2 border border-gray-300"
        >
          Actions
        </th>
      </tr>
    </thead>
    <tbody />
  </table>
  <div
    className="px-4 py-2 mt-24 mb-4 font-bold text-white bg-green-500 rounded-md hover:bg-green-600 w-fit"
  >
    <a
      href="/dashboard"
      onClick={[Function]}
    >
       Back to Dashboard
    </a>
  </div>
</div>
`;
