// Jest Snapshot v1, https://goo.gl/fbAQLP

exports[`EndpointList Component matches snapshot 1`] = `
<div
  className="min-h-screen bg-gray-100"
>
  <div
    data-testid="navigation"
  />
  <div
    className="px-4 py-6 mx-auto max-w-7xl sm:px-6 lg:px-8"
  >
    <div
      className="flex items-center mb-6"
    >
      <button
        className="mr-4 text-indigo-600 transition-colors duration-200 hover:text-indigo-800"
        data-testid="back-arrow"
        onClick={[Function]}
      >
        <svg
          className="w-6 h-6"
          fill="currentColor"
          height="1em"
          stroke="currentColor"
          strokeWidth="0"
          style={
            {
              "color": undefined,
            }
          }
          viewBox="0 0 512 512"
          width="1em"
          xmlns="http://www.w3.org/2000/svg"
        >
          <path
            d="M244 400 100 256l144-144M120 256h292"
            fill="none"
            strokeLinecap="round"
            strokeLinejoin="round"
            strokeWidth="48"
          />
        </svg>
      </button>
      <h1
        className="text-2xl font-bold text-gray-900 sm:text-3xl"
      >
        Endpoint List
      </h1>
    </div>
    <div
      className="mb-8 overflow-x-auto bg-white shadow sm:rounded-lg"
    >
      <table
        className="min-w-full divide-y divide-gray-200"
      >
        <thead
          className="bg-gray-50"
        >
          <tr>
            <th
              className="px-3 py-3 text-xs font-medium tracking-wider text-left text-gray-500 uppercase sm:px-6"
            >
              Name
            </th>
            <th
              className="px-3 py-3 text-xs font-medium tracking-wider text-left text-gray-500 uppercase sm:px-6"
            >
              URL
            </th>
            <th
              className="px-3 py-3 text-xs font-medium tracking-wider text-left text-gray-500 uppercase sm:px-6"
            >
              Methods
            </th>
            <th
              className="px-3 py-3 text-xs font-medium tracking-wider text-left text-gray-500 uppercase sm:px-6"
            >
              Actions
            </th>
          </tr>
        </thead>
        <tbody
          className="bg-white divide-y divide-gray-200"
        />
      </table>
    </div>
    <div
      className="overflow-hidden bg-white shadow sm:rounded-lg"
    >
      <div
        className="px-4 py-5 sm:p-6"
      >
        <h2
          className="mb-4 text-lg font-medium leading-6 text-gray-900"
        >
          How to Use Your Endpoints
        </h2>
      </div>
    </div>
    <div
      className="mt-8"
    >
      <a
        className="inline-flex items-center px-4 py-2 text-sm font-medium text-white bg-green-600 border border-transparent rounded-md hover:bg-green-700 focus:outline-none focus:ring-2 focus:ring-offset-2 focus:ring-green-500"
        href="/dashboard"
        onClick={[Function]}
      >
        Back to Dashboard
      </a>
    </div>
  </div>
</div>
`;
