// Jest Snapshot v1, https://goo.gl/fbAQLP

exports[`Navigation matches snapshot 1`] = `
<nav
  className="bg-white shadow"
>
  <div
    className="px-4 mx-auto max-w-7xl sm:px-6 lg:px-8"
  >
    <div
      className="flex justify-between h-16"
    >
      <div
        className="flex"
      >
        <div
          className="flex items-center flex-shrink-0"
        >
          <a
            className="text-2xl font-bold text-indigo-600"
            href="/dashboard"
            onClick={[Function]}
          >
            Help Mock It 
          </a>
        </div>
        <div
          className="hidden sm:ml-6 sm:flex sm:space-x-8"
        >
          <a
            className="inline-flex items-center px-1 pt-1 text-sm font-medium border-b-2 border-transparent text-gray-500 hover:border-gray-300 hover:text-gray-700"
            href="/dashboard"
            onClick={[Function]}
          >
            Dashboard
          </a>
          <a
            className="inline-flex items-center px-1 pt-1 text-sm font-medium border-b-2 border-transparent text-gray-500 hover:border-gray-300 hover:text-gray-700"
            href="/endpoints"
            onClick={[Function]}
          >
            Endpoints
          </a>
          <a
            className="inline-flex items-center px-1 pt-1 text-sm font-medium border-b-2 border-transparent text-gray-500 hover:border-gray-300 hover:text-gray-700"
            href="/endpoints/create"
            onClick={[Function]}
          >
            Create Endpoint
          </a>
        </div>
      </div>
      <div
        className="flex items-center"
      >
        <button
          className="inline-flex items-center px-4 py-2 ml-3 text-sm font-medium text-white bg-indigo-600 border border-transparent rounded-md hover:bg-indigo-700 focus:outline-none focus:ring-2 focus:ring-offset-2 focus:ring-indigo-500"
          onClick={[Function]}
        >
          Logout
        </button>
      </div>
    </div>
  </div>
</nav>
`;
